this file = all the places where references to java.awt need to be removed in order to complete the port.

	src/vialab/SMT/Finger.java:
import java.awt.Point;

	src/vialab/SMT/KeyboardZone.java:
import java.awt.Component;
import java.awt.event.KeyEvent;
import java.awt.event.KeyListener;

	src/vialab/SMT/MouseToTUIO.java:
import java.awt.Point;

	src/vialab/SMT/renderer/PGraphics3DDelegate.java:
import java.awt.Image;

	src/vialab/SMT/renderer/PGraphicsOpenGLDelegate.java:
import java.awt.Image;

	src/vialab/SMT/Simulation.java:
import java.awt.Point;

	src/vialab/SMT/SMT.java:
import java.awt.Point;

	src/vialab/SMT/swipekeyboard/AnchorZone.java:
import java.awt.Dimension;

	src/vialab/SMT/swipekeyboard/ArrowKeysLayout.java:
import java.awt.event.KeyEvent;

	src/vialab/SMT/swipekeyboard/CondensedLayout.java:
import java.awt.Dimension;
import java.awt.event.KeyEvent;

	src/vialab/SMT/swipekeyboard/ExtendedLayout.java:
import java.awt.event.KeyEvent;

	src/vialab/SMT/swipekeyboard/KeyZone.java:
import java.awt.Color;
import java.awt.Dimension;
import java.awt.event.*;
	 *                     java.awt.event.KeyEvent for the valid values.
	 *                     java.awt.event.KeyEvent for the valid values.
	 *                     java.awt.event.KeyEvent for the valid values.
	 *                     java.awt.event.KeyEvent for the valid values.
	 *                     java.awt.event.KeyEvent for the valid values.
	 *                     java.awt.event.KeyEvent for the valid values.
	 *                     java.awt.event.KeyEvent for the valid values.
	 *                     java.awt.event.KeyEvent for the valid values.

	src/vialab/SMT/swipekeyboard/ModifierKeyZone.java:
import java.awt.Color;
import java.awt.Dimension;
import java.awt.event.*;
	 *                     java.awt.event.KeyEvent for the valid values.
	 *                     java.awt.event.KeyEvent for the valid values.
	 *                     java.awt.event.KeyEvent for the valid values.
	 *                     java.awt.event.KeyEvent for the valid values.
	 *                     java.awt.event.KeyEvent for the valid values.
	 *                     java.awt.event.KeyEvent for the valid values.

	src/vialab/SMT/swipekeyboard/SwipeKeyEvent.java:
	 * See java.awt.event.KeyEvent's keyLocation field for details.
	 *                     java.awt.event.KeyEvent's keyLocation field for

	src/vialab/SMT/swipekeyboard/SwipeKeyZone.java:
import java.awt.Dimension;
import java.awt.event.*;
	 *                 java.awt.event.KeyEvent for the valid values.
	 *                     java.awt.event.KeyEvent for the valid values.
	 *                     java.awt.event.KeyEvent for the valid values.
	 *                 java.awt.event.KeyEvent for the valid values.
	 *                     java.awt.event.KeyEvent for the valid values.
	 *                     java.awt.event.KeyEvent for the valid values.

	src/vialab/SMT/SwipeKeyboard.java:
import java.awt.Dimension;
import java.awt.event.*;

	src/vialab/SMT/TexturedTouchDrawer.java:
import java.awt.Color;

	src/vialab/SMT/Touch.java:
import java.awt.Color;
import java.awt.Point;

	src/vialab/SMT/util/SketchTouchBinder.java:
//import java.awt.Rectangle;

	src/vialab/SMT/util/ZonePicker.java:
import java.awt.Color;

	src/vialab/SMT/Zone.java:
import java.awt.Color;
import java.awt.event.KeyListener;
	public void keyPressed( java.awt.event.KeyEvent event){
	public void keyReleased( java.awt.event.KeyEvent event){
	public void keyTyped( java.awt.event.KeyEvent event){

